// Jest Snapshot v1, https://goo.gl/fbAQLP

exports[`renders MemoListItem with local schema successfully 1`] = `
<div
  className="MuiButtonBase-root-13 MuiListItem-root-1 MuiListItem-default-4 MuiListItem-gutters-9 MuiListItem-divider-8 MuiListItem-button-10"
  onBlur={[Function]}
  onClick={[Function]}
  onContextMenu={[Function]}
  onFocus={[Function]}
  onKeyDown={[Function]}
  onKeyUp={[Function]}
  onMouseDown={[Function]}
  onMouseLeave={[Function]}
  onMouseUp={[Function]}
  onTouchEnd={[Function]}
  onTouchMove={[Function]}
  onTouchStart={[Function]}
  role="button"
  tabIndex="0"
>
  <div
    className="MuiListItemText-root-16"
  >
    <span
      className="MuiTypography-root-22 MuiTypography-subheading-29 MuiListItemText-primary-19"
    >
      Lorem Ipsum
    </span>
    <p
      className="MuiTypography-root-22 MuiTypography-body1-31 MuiTypography-colorTextSecondary-55 MuiListItemText-secondary-20"
    >
      Tag 1, Tag 2
    </p>
  </div>
  <span
    className="MuiTouchRipple-root-58"
  />
</div>
`;

exports[`renders MemoListItem with server schema successfully 1`] = `
<div
  className="MuiButtonBase-root-13 MuiListItem-root-1 MuiListItem-default-4 MuiListItem-gutters-9 MuiListItem-divider-8 MuiListItem-button-10"
  onBlur={[Function]}
  onClick={[Function]}
  onContextMenu={[Function]}
  onFocus={[Function]}
  onKeyDown={[Function]}
  onKeyUp={[Function]}
  onMouseDown={[Function]}
  onMouseLeave={[Function]}
  onMouseUp={[Function]}
  onTouchEnd={[Function]}
  onTouchMove={[Function]}
  onTouchStart={[Function]}
  role="button"
  tabIndex="0"
>
  <div
    className="MuiListItemText-root-16"
  >
    <span
      className="MuiTypography-root-22 MuiTypography-subheading-29 MuiListItemText-primary-19"
    >
      Lorem Ipsum
    </span>
    <p
      className="MuiTypography-root-22 MuiTypography-body1-31 MuiTypography-colorTextSecondary-55 MuiListItemText-secondary-20"
    >
      Tag 1, Tag 2
    </p>
  </div>
  <span
    className="MuiTouchRipple-root-58"
  />
</div>
`;
